<html>
<body>
<pre>
<h1>µVision Build Log</h1>
<h2>Tool Versions:</h2>
IDE-Version: µVision V5.37.0.0
Copyright (C) 2022 ARM Ltd and ARM Germany GmbH. All rights reserved.
License Information: Arthur Gaudard, ISEN, LIC=----
 
Tool Versions:
Toolchain:       MDK-Lite  Version: 5.37.0.0
Toolchain Path:  C:\Keil_v5\ARM\ARM_Compiler_5.06u7\Bin
C Compiler:      Armcc.exe V5.06 update 7 (build 960)
Assembler:       Armasm.exe V5.06 update 7 (build 960)
Linker/Locator:  ArmLink.exe V5.06 update 7 (build 960)
Library Manager: ArmAr.exe V5.06 update 7 (build 960)
Hex Converter:   FromElf.exe V5.06 update 7 (build 960)
CPU DLL:         SARMCM3.DLL V5.37.0.0
Dialog DLL:      DCM.DLL V1.17.5.0
Target DLL:      STLink\ST-LINKIII-KEIL_SWO.dll V3.0.9.0
Dialog DLL:      TCM.DLL V1.56.1.0
 
<h2>Project:</h2>
Z:\Centre de tri de colis_etudiants\Centre de tri de colis - étudiants\FreeRTOS-Cours.uvprojx
Project File Date:  06/22/2022

<h2>Output:</h2>
*** Using Compiler 'V5.06 update 7 (build 960)', folder: 'C:\Keil_v5\ARM\ARM_Compiler_5.06u7\Bin'
Build target 'FreeRTOS-Cours'
compiling main.c...
main.c(74): warning:  #111-D: statement is unreachable
        vTaskDelete( NULL );
main.c(95): warning:  #111-D: statement is unreachable
        vTaskDelete(NULL);
main.c(105): warning:  #111-D: statement is unreachable
        vTaskDelete(NULL);
main.c(115): warning:  #111-D: statement is unreachable
        vTaskDelete(NULL);
main.c(130): warning:  #111-D: statement is unreachable
        vTaskDelete(NULL);
main.c: 5 warnings, 0 errors
linking...
Program Size: Code=5832 RO-data=272 RW-data=104 ZI-data=17136  
".\Output\FreeRTOS-Cours.axf" - 0 Error(s), 5 Warning(s).

<h2>Software Packages used:</h2>

Package Vendor: Keil
                http://www.keil.com/pack/Keil.STM32F4xx_DFP.2.16.0.pack
                Keil.STM32F4xx_DFP.2.16.0
                STMicroelectronics STM32F4 Series Device Support, Drivers and Examples

<h2>Collection of Component include folders:</h2>
  C:/Users/nemo/AppData/Local/Arm/Packs/Keil/STM32F4xx_DFP/2.16.0/Drivers/CMSIS/Device/ST/STM32F4xx/Include

<h2>Collection of Component Files used:</h2>
Build Time Elapsed:  00:00:03
</pre>
</body>
</html>
